src/modules/attendance/attendance.service.ts(62,17): error TS2339: Property 'parent_id' does not exist on type '{ full_name: string; email: string; created_at: Date; major_id: number; student_code: string; status: StudentStatus; date_of_birth: Date; class: string; study_year: number; cohort: string; deleted_at: Date; student_id: number; }'.
src/modules/attendance/attendance.service.ts(113,35): error TS2353: Object literal may only specify known properties, and 'parent_id' does not exist in type 'StudentSelect<DefaultArgs>'.
src/modules/auth/auth.service.ts(57,18): error TS2561: Object literal may only specify known properties, but 'parent' does not exist in type 'StudentInclude<DefaultArgs>'. Did you mean to write 'parents'?
src/modules/auth/auth.service.ts(64,18): error TS2339: Property 'parent' does not exist on type '{ full_name: string; email: string; created_at: Date; major_id: number; student_code: string; status: StudentStatus; date_of_birth: Date; class: string; study_year: number; cohort: string; deleted_at: Date; student_id: number; }'.
src/modules/auth/auth.service.ts(70,17): error TS2339: Property 'parent' does not exist on type '{ full_name: string; email: string; created_at: Date; major_id: number; student_code: string; status: StudentStatus; date_of_birth: Date; class: string; study_year: number; cohort: string; deleted_at: Date; student_id: number; }'.
src/modules/auth/auth.service.ts(70,47): error TS2339: Property 'parent' does not exist on type '{ full_name: string; email: string; created_at: Date; major_id: number; student_code: string; status: StudentStatus; date_of_birth: Date; class: string; study_year: number; cohort: string; deleted_at: Date; student_id: number; }'.
src/modules/auth/auth.service.ts(77,17): error TS2339: Property 'parent' does not exist on type '{ full_name: string; email: string; created_at: Date; major_id: number; student_code: string; status: StudentStatus; date_of_birth: Date; class: string; study_year: number; cohort: string; deleted_at: Date; student_id: number; }'.
src/modules/auth/auth.service.ts(452,13): error TS2561: Object literal may only specify known properties, but 'student_code' does not exist in type 'StudentParentSelect<DefaultArgs>'. Did you mean to write 'student_id'?
src/modules/parent/parent.service.ts(59,20): error TS2353: Object literal may only specify known properties, and 'deleted_at' does not exist in type 'StudentParentWhereInput'.
src/modules/parent/parent.service.ts(62,13): error TS2561: Object literal may only specify known properties, but 'student_code' does not exist in type 'StudentParentSelect<DefaultArgs>'. Did you mean to write 'student_id'?
src/modules/score/score.service.ts(127,17): error TS2339: Property 'parent_id' does not exist on type '{ full_name: string; email: string; created_at: Date; major_id: number; student_code: string; status: StudentStatus; date_of_birth: Date; class: string; study_year: number; cohort: string; deleted_at: Date; student_id: number; }'.
src/modules/score/score.service.ts(351,35): error TS2353: Object literal may only specify known properties, and 'parent_id' does not exist in type 'StudentSelect<DefaultArgs>'.
src/modules/student/student-query.helper.ts(32,26): error TS2353: Object literal may only specify known properties, and 'parent_id' does not exist in type 'StudentWhereInput'.
src/modules/student/student-query.helper.ts(34,26): error TS2353: Object literal may only specify known properties, and 'parent_id' does not exist in type 'StudentWhereInput'.
src/modules/student/student-query.helper.ts(73,9): error TS2561: Object literal may only specify known properties, but 'parent' does not exist in type 'StudentWhereInput'. Did you mean to write 'parents'?
src/modules/student/student.service.ts(33,11): error TS2561: Object literal may only specify known properties, but 'parent' does not exist in type 'StudentInclude<DefaultArgs>'. Did you mean to write 'parents'?
src/modules/student/student.service.ts(65,11): error TS2561: Object literal may only specify known properties, but 'parent' does not exist in type 'StudentInclude<DefaultArgs>'. Did you mean to write 'parents'?
src/modules/student/student.service.ts(101,9): error TS2561: Object literal may only specify known properties, but 'parent' does not exist in type 'StudentInclude<DefaultArgs>'. Did you mean to write 'parents'?
src/modules/student/student.service.ts(129,17): error TS2339: Property 'parent_id' does not exist on type '{ full_name: string; email: string; created_at: Date; major_id: number; student_code: string; status: StudentStatus; date_of_birth: Date; class: string; study_year: number; cohort: string; deleted_at: Date; student_id: number; }'.
src/modules/student/student.service.ts(158,11): error TS2561: Object literal may only specify known properties, but 'parent' does not exist in type 'StudentInclude<DefaultArgs>'. Did you mean to write 'parents'?
src/modules/student/student.service.ts(200,11): error TS2561: Object literal may only specify known properties, but 'parent' does not exist in type 'StudentInclude<DefaultArgs>'. Did you mean to write 'parents'?
src/modules/student/student.service.ts(252,15): error TS2353: Object literal may only specify known properties, and 'parent_id' does not exist in type '(Without<StudentUpdateInput, StudentUncheckedUpdateInput> & StudentUncheckedUpdateInput) | (Without<...> & StudentUpdateInput)'.
src/modules/student/student.service.ts(254,9): error TS2561: Object literal may only specify known properties, but 'parent' does not exist in type 'StudentInclude<DefaultArgs>'. Did you mean to write 'parents'?
src/modules/student/student.service.ts(279,9): error TS2561: Object literal may only specify known properties, but 'parent' does not exist in type 'StudentInclude<DefaultArgs>'. Did you mean to write 'parents'?
src/modules/student/student.service.ts(298,21): error TS2339: Property 'parent' does not exist on type '{ full_name: string; email: string; created_at: Date; major_id: number; student_code: string; status: StudentStatus; date_of_birth: Date; class: string; study_year: number; cohort: string; deleted_at: Date; student_id: number; }'.
src/modules/student/student.service.ts(298,39): error TS2339: Property 'parent' does not exist on type '{ full_name: string; email: string; created_at: Date; major_id: number; student_code: string; status: StudentStatus; date_of_birth: Date; class: string; study_year: number; cohort: string; deleted_at: Date; student_id: number; }'.
src/modules/student/student.service.ts(311,17): error TS2339: Property 'parent_id' does not exist on type '{ full_name: string; email: string; created_at: Date; major_id: number; student_code: string; status: StudentStatus; date_of_birth: Date; class: string; study_year: number; cohort: string; deleted_at: Date; student_id: number; }'.
src/modules/student/student.service.ts(319,15): error TS2353: Object literal may only specify known properties, and 'parent_id' does not exist in type '(Without<StudentUpdateInput, StudentUncheckedUpdateInput> & StudentUncheckedUpdateInput) | (Without<...> & StudentUpdateInput)'.
src/modules/student/student.service.ts(321,9): error TS2561: Object literal may only specify known properties, but 'parent' does not exist in type 'StudentInclude<DefaultArgs>'. Did you mean to write 'parents'?
